Microchip MPLAB XC8 Compiler V2.20

Linker command line:

-W-3 --edf=C:\Program Files\Microchip\xc8\v2.20\pic\dat\en_msgs.txt -cn \
  -h+dist/default/production\com.alfacontrols.avatar-motors.X.production.sym \
  --cmf=dist/default/production\com.alfacontrols.avatar-motors.X.production.cmf \
  -z -Q16F1825 -oC:\Users\ADMINI~1\AppData\Local\Temp\s1qs.2 \
  --defsym=__MPLAB_BUILD=1 \
  -Mdist/default/production/com.alfacontrols.avatar-motors.X.production.map \
  -E1 -ver=XC8 Compiler --acfsm=1493 -ASTACK=02309h-023EFh -pstack=STACK \
  -ACODE=00h-07FFhx4 -ASTRCODE=00h-01FFFh -ASTRING=00h-0FFhx32 \
  -ACONST=00h-0FFhx32 -AENTRY=00h-0FFhx32 -ACOMMON=070h-07Fh \
  -ABANK0=020h-06Fh -ABANK1=0A0h-0EFh -ABANK2=0120h-016Fh \
  -ABANK3=01A0h-01EFh -ABANK4=0220h-026Fh -ABANK5=02A0h-02EFh \
  -ABANK6=0320h-036Fh -ABANK7=03A0h-03EFh -ABANK8=0420h-046Fh \
  -ABANK9=04A0h-04EFh -ABANK10=0520h-056Fh -ABANK11=05A0h-05EFh \
  -ABANK12=0620h-064Fh -ABIGRAM=02000h-023EFh \
  -ARAM=020h-06Fh,0A0h-0EFh,0120h-016Fh,01A0h-01EFh,0220h-026Fh,02A0h-02EFh,0320h-036Fh,03A0h-03EFh,0420h-046Fh,04A0h-04EFh,0520h-056Fh,05A0h-05EFh,0620h-064Fh \
  -AABS1=020h-07Fh,0A0h-0EFh,0120h-016Fh,01A0h-01EFh,0220h-026Fh,02A0h-02EFh,0320h-036Fh,03A0h-03EFh,0420h-046Fh,04A0h-04EFh,0520h-056Fh,05A0h-05EFh,0620h-064Fh \
  -ASFR0=00h-01Fh -ASFR1=080h-09Fh -ASFR2=0100h-011Fh -ASFR3=0180h-019Fh \
  -ASFR4=0200h-021Fh -ASFR5=0280h-029Fh -ASFR6=0300h-031Fh \
  -ASFR7=0380h-039Fh -ASFR8=0400h-041Fh -ASFR9=0480h-049Fh \
  -ASFR10=0500h-051Fh -ASFR11=0580h-059Fh -ASFR12=0600h-061Fh \
  -ASFR13=0680h-06EFh -ASFR14=0700h-076Fh -ASFR15=0780h-07EFh \
  -ASFR16=0800h-086Fh -ASFR17=0880h-08EFh -ASFR18=0900h-096Fh \
  -ASFR19=0980h-09EFh -ASFR20=0A00h-0A6Fh -ASFR21=0A80h-0AEFh \
  -ASFR22=0B00h-0B6Fh -ASFR23=0B80h-0BEFh -ASFR24=0C00h-0C6Fh \
  -ASFR25=0C80h-0CEFh -ASFR26=0D00h-0D6Fh -ASFR27=0D80h-0DEFh \
  -ASFR28=0E00h-0E6Fh -ASFR29=0E80h-0EEFh -ASFR30=0F00h-0F6Fh \
  -ASFR31=0F80h-0FEFh -ACONFIG=08007h-08008h -DCONFIG=2 \
  -AIDLOC=08000h-08003h -DIDLOC=2 \
  -preset_vec=00h,intentry=04h,init,end_init -ppowerup=CODE -pcinit=CODE \
  -pfunctab=ENTRY -AEEDATA=00h-0FFh/0F000h -peeprom_data=EEDATA -DEEDATA=2 \
  -DCODE=2 -DSTRCODE=2 -DSTRING=2 -DCONST=2 -DENTRY=2 -k \
  C:\Users\ADMINI~1\AppData\Local\Temp\s1qs.o \
  dist/default/production\com.alfacontrols.avatar-motors.X.production.o 

Object code version is 3.11

Machine type is 16F1825



                Name                               Link     Load   Length Selector   Space Scale
C:\Users\ADMINI~1\AppData\Local\Temp\s1qs.o
                end_init                             33       33        2        8       0
                reset_vec                             0        0        2        0       0
                config                             8007     8007        2        0       4
dist/default/production\com.alfacontrols.avatar-motors.X.production.o
                cinit                                35       35       79        8       0
                intentry                              4        4       2F        8       0
                config                             8007     8007        2        0       4
                text80                              9E0      9E0       16     13C0       0
                text79                              965      965       14     12CA       0
                text78                              7FD      7FD        3        8       0
                text77                             17CB     17CB        4     2F96       0
                text76                              488      488       C3        8       0
                text75                              900      900        F     1200       0
                text74                              862      862        C     10C4       0
                text73                             17CA     17CA        1     2F94       0
                text72                              87A      87A        D     10F4       0
                text71                             17DC     17DC        6     2FB8       0
                text69                              90F      90F       10     121E       0
                text68                              86E      86E        C     10DC       0
                text67                              9F6      9F6       16     13EC       0
                text66                              82D      82D        A     105A       0
                text65                             17E2     17E2        6     2FC4       0
                text64                              979      979       14     12F2       0
                text63                              814      814        8     1028       0
                text62                             17E8     17E8        6     2FD0       0
                text61                              952      952       13     12A4       0
                text60                              837      837        A     106E       0
                text59                             17CF     17CF        4     2F9E       0
                text58                              A87      A87       1C     150E       0
                text57                                2        2        2        0       0
                text56                              887      887        D     110E       0
                text55                              DF6      DF6       51     1BEC       0
                text54                              76C      76C       91        8       0
                text53                              894      894        D     1128       0
                text52                              D57      D57       4F     1AAE       0
                text51                             17D7     17D7        5     2FAE       0
                text50                              A0C      A0C       16     1418       0
                text49                              9A1      9A1       15     1342       0
                text48                              C51      C51       3C     18A2       0
                text47                              B54      B54       2C     16A8       0
                text46                              6BF      6BF       AD        8       0
                text45                              E47      E47       55     1C8E       0
                text44                              C1A      C1A       37     1834       0
                text43                             17EE     17EE        6     2FDC       0
                text42                             17F4     17F4        6     2FE8       0
                text41                             17FA     17FA        6     2FF4       0
                text40                              A38      A38       1A     1470       0
                text39                              A52      A52       1A     14A4       0
                text38                              F70      F70       90     1EE0       0
                text37                              BB1      BB1       33     1762       0
                text36                              E9C      E9C       69     1D38       0
                text35                              841      841        B     1082       0
                text34                              84C      84C        B     1098       0
                text33                              272      272      135        8       0
                text32                              940      940       12     1280       0
                text31                              B80      B80       31     1700       0
                text30                              A6C      A6C       1B     14D8       0
                text29                              8A1      8A1        D     1142       0
                text28                              A22      A22       16     1444       0
                text27                             17D3     17D3        4     2FA6       0
                text26                              CCA      CCA       46     1994       0
                text25                              92F      92F       11     125E       0
                text24                              81C      81C        8     1038       0
                text23                              D10      D10       47     1A20       0
                text22                              80D      80D        7     101A       0
                text21                              AA3      AA3       1D     1546       0
                text20                              8C8      8C8        E     1190       0
                text19                              8AE      8AE        D     115C       0
                text18                              8D6      8D6        E     11AC       0
                text17                              8BB      8BB        D     1176       0
                text16                              AC0      AC0       1D     1580       0
                text15                              608      608       B7        8       0
                text14                              DA6      DA6       50     1B4C       0
                text13                              ADD      ADD       25     15BA       0
                text12                              F05      F05       6B     1E0A       0
                text11                              B2A      B2A       2A     1654       0
                text10                              98D      98D       14     131A       0
                text9                               91F      91F       10     123E       0
                text8                               8E4      8E4        E     11C8       0
                text7                               3A7      3A7       E1        8       0
                text6                               800      800        1        8       0
                text5                               54B      54B       BD        8       0
                text4                               8F2      8F2        E     11E4       0
                text3                               C8D      C8D       3D     191A       0
                text2                               9B6      9B6       15     136C       0
                text1                                AE       AE      1C4        8       0
                maintext                            857      857        B     10AE       0
                cstackBANK0                          20       20       42       20       1
                cstackCOMMON                         70       70        E       70       1
                cstackBANK1                          A0       A0       39       A0       1
                cstackBANK2                         120      120       28      120       1
                clrtext                             801      801        6     1002       0
                inittext                            807      807        6     100E       0
                bssBANK9                            4A0      4A0       39      4A0       1
                dataBANK8                           420      420       28      420       1
                bssBANK8                            448      448       1B      420       1
                bssBANK7                            3A0      3A0       36      3A0       1
                bssBANK6                            320      320       3B      320       1
                dataBANK5                           2A0      2A0       36      2A0       1
                bssBANK4                            220      220       39      220       1
                bssBANK3                            1A0      1A0       40      1A0       1
                dataBANK2                           148      148       15      120       1
                bssBANK2                            15D      15D       10      120       1
                bssBANK1                             D9       D9       14       A0       1
                dataBANK0                            62       62        9       20       1
                bssBANK0                             6B       6B        5       20       1
                nvBANK1                              ED       ED        2       A0       1
                stringtext1                        1800     1800        4     3000       0
                idataBANK8                          B02      B02       28     1604       0
                idataBANK5                          BE4      BE4       36     17C8       0
                idataBANK2                          9CB      9CB       15     1396       0
                idataBANK0                          824      824        9     1048       0

TOTAL           Name                               Link     Load   Length     Space
        CLASS   STACK          

        CLASS   CODE           
                end_init                             33       33        2         0
                cinit                                35       35       79         0
                intentry                              4        4       2F         0
                reset_vec                             0        0        2         0
                text80                              9E0      9E0       16         0
                text79                              965      965       14         0
                text78                              7FD      7FD        3         0
                text77                             17CB     17CB        4         0
                text76                              488      488       C3         0
                text75                              900      900        F         0
                text74                              862      862        C         0
                text73                             17CA     17CA        1         0
                text72                              87A      87A        D         0
                text71                             17DC     17DC        6         0
                text69                              90F      90F       10         0
                text68                              86E      86E        C         0
                text67                              9F6      9F6       16         0
                text66                              82D      82D        A         0
                text65                             17E2     17E2        6         0
                text64                              979      979       14         0
                text63                              814      814        8         0
                text62                             17E8     17E8        6         0
                text61                              952      952       13         0
                text60                              837      837        A         0
                text59                             17CF     17CF        4         0
                text58                              A87      A87       1C         0
                text57                                2        2        2         0
                text56                              887      887        D         0
                text55                              DF6      DF6       51         0
                text54                              76C      76C       91         0
                text53                              894      894        D         0
                text52                              D57      D57       4F         0
                text51                             17D7     17D7        5         0
                text50                              A0C      A0C       16         0
                text49                              9A1      9A1       15         0
                text48                              C51      C51       3C         0
                text47                              B54      B54       2C         0
                text46                              6BF      6BF       AD         0
                text45                              E47      E47       55         0
                text44                              C1A      C1A       37         0
                text43                             17EE     17EE        6         0
                text42                             17F4     17F4        6         0
                text41                             17FA     17FA        6         0
                text40                              A38      A38       1A         0
                text39                              A52      A52       1A         0
                text38                              F70      F70       90         0
                text37                              BB1      BB1       33         0
                text36                              E9C      E9C       69         0
                text35                              841      841        B         0
                text34                              84C      84C        B         0
                text33                              272      272      135         0
                text32                              940      940       12         0
                text31                              B80      B80       31         0
                text30                              A6C      A6C       1B         0
                text29                              8A1      8A1        D         0
                text28                              A22      A22       16         0
                text27                             17D3     17D3        4         0
                text26                              CCA      CCA       46         0
                text25                              92F      92F       11         0
                text24                              81C      81C        8         0
                text23                              D10      D10       47         0
                text22                              80D      80D        7         0
                text21                              AA3      AA3       1D         0
                text20                              8C8      8C8        E         0
                text19                              8AE      8AE        D         0
                text18                              8D6      8D6        E         0
                text17                              8BB      8BB        D         0
                text16                              AC0      AC0       1D         0
                text15                              608      608       B7         0
                text14                              DA6      DA6       50         0
                text13                              ADD      ADD       25         0
                text12                              F05      F05       6B         0
                text11                              B2A      B2A       2A         0
                text10                              98D      98D       14         0
                text9                               91F      91F       10         0
                text8                               8E4      8E4        E         0
                text7                               3A7      3A7       E1         0
                text6                               800      800        1         0
                text5                               54B      54B       BD         0
                text4                               8F2      8F2        E         0
                text3                               C8D      C8D       3D         0
                text2                               9B6      9B6       15         0
                text1                                AE       AE      1C4         0
                maintext                            857      857        B         0
                clrtext                             801      801        6         0
                inittext                            807      807        6         0
                idataBANK8                          B02      B02       28         0
                idataBANK5                          BE4      BE4       36         0
                idataBANK2                          9CB      9CB       15         0
                idataBANK0                          824      824        9         0

        CLASS   STRCODE        
                stringtext1                        1800     1800        4         0

        CLASS   STRING         

        CLASS   CONST          

        CLASS   ENTRY          

        CLASS   COMMON         
                cstackCOMMON                         70       70        E         1

        CLASS   BANK0          
                cstackBANK0                          20       20       42         1
                dataBANK0                            62       62        9         1
                bssBANK0                             6B       6B        5         1

        CLASS   BANK1          
                cstackBANK1                          A0       A0       39         1
                bssBANK1                             D9       D9       14         1
                nvBANK1                              ED       ED        2         1

        CLASS   BANK2          
                cstackBANK2                         120      120       28         1
                dataBANK2                           148      148       15         1
                bssBANK2                            15D      15D       10         1

        CLASS   BANK3          
                bssBANK3                            1A0      1A0       40         1

        CLASS   BANK4          
                bssBANK4                            220      220       39         1

        CLASS   BANK5          
                dataBANK5                           2A0      2A0       36         1

        CLASS   BANK6          
                bssBANK6                            320      320       3B         1

        CLASS   BANK7          
                bssBANK7                            3A0      3A0       36         1

        CLASS   BANK8          
                dataBANK8                           420      420       28         1
                bssBANK8                            448      448       1B         1

        CLASS   BANK9          
                bssBANK9                            4A0      4A0       39         1

        CLASS   BANK10         

        CLASS   BANK11         

        CLASS   BANK12         

        CLASS   BIGRAM         

        CLASS   RAM            

        CLASS   ABS1           
                abs_s1                               7E       7E        2         1

        CLASS   SFR0           

        CLASS   SFR1           

        CLASS   SFR2           

        CLASS   SFR3           

        CLASS   SFR4           

        CLASS   SFR5           

        CLASS   SFR6           

        CLASS   SFR7           

        CLASS   SFR8           

        CLASS   SFR9           

        CLASS   SFR10          

        CLASS   SFR11          

        CLASS   SFR12          

        CLASS   SFR13          

        CLASS   SFR14          

        CLASS   SFR15          

        CLASS   SFR16          

        CLASS   SFR17          

        CLASS   SFR18          

        CLASS   SFR19          

        CLASS   SFR20          

        CLASS   SFR21          

        CLASS   SFR22          

        CLASS   SFR23          

        CLASS   SFR24          

        CLASS   SFR25          

        CLASS   SFR26          

        CLASS   SFR27          

        CLASS   SFR28          

        CLASS   SFR29          

        CLASS   SFR30          

        CLASS   SFR31          

        CLASS   CONFIG         
                config                             8007     8007        2         4

        CLASS   IDLOC          

        CLASS   EEDATA         

        CLASS   BANK31         

        CLASS   BANK30         

        CLASS   BANK29         

        CLASS   BANK28         

        CLASS   BANK27         

        CLASS   BANK26         

        CLASS   BANK25         

        CLASS   BANK24         

        CLASS   BANK23         

        CLASS   BANK22         

        CLASS   BANK21         

        CLASS   BANK20         

        CLASS   BANK19         

        CLASS   BANK18         

        CLASS   BANK17         

        CLASS   BANK16         

        CLASS   BANK15         

        CLASS   BANK14         

        CLASS   BANK13         



SEGMENTS        Name                           Load    Length   Top    Selector   Space  Class     Delta

                reset_vec                      000000  000004  000004         0       0  CODE        2
                intentry                       000004  0007FD  000801         8       0  CODE        2
                cstackBANK0                    000020  000050  000070        20       1  BANK0       1
                cstackCOMMON                   000070  00000E  00007E        70       1  COMMON      1
                cstackBANK1                    0000A0  00004F  0000EF        A0       1  BANK1       1
                cstackBANK2                    000120  00004D  00016D       120       1  BANK2       1
                bssBANK3                       0001A0  000040  0001E0       1A0       1  BANK3       1
                bssBANK4                       000220  000039  000259       220       1  BANK4       1
                dataBANK5                      0002A0  000036  0002D6       2A0       1  BANK5       1
                bssBANK6                       000320  00003B  00035B       320       1  BANK6       1
                bssBANK7                       0003A0  000036  0003D6       3A0       1  BANK7       1
                dataBANK8                      000420  000043  000463       420       1  BANK8       1
                bssBANK9                       0004A0  000039  0004D9       4A0       1  BANK9       1
                clrtext                        000801  000006  000807      1002       0  CODE        2
                inittext                       000807  000006  00080D      100E       0  CODE        2
                text22                         00080D  000007  000814      101A       0  CODE        2
                text63                         000814  000008  00081C      1028       0  CODE        2
                text24                         00081C  000008  000824      1038       0  CODE        2
                idataBANK0                     000824  000009  00082D      1048       0  CODE        2
                text66                         00082D  00000A  000837      105A       0  CODE        2
                text60                         000837  00000A  000841      106E       0  CODE        2
                text35                         000841  00000B  00084C      1082       0  CODE        2
                text34                         00084C  00000B  000857      1098       0  CODE        2
                maintext                       000857  00000B  000862      10AE       0  CODE        2
                text74                         000862  00000C  00086E      10C4       0  CODE        2
                text68                         00086E  00000C  00087A      10DC       0  CODE        2
                text72                         00087A  00000D  000887      10F4       0  CODE        2
                text56                         000887  00000D  000894      110E       0  CODE        2
                text53                         000894  00000D  0008A1      1128       0  CODE        2
                text29                         0008A1  00000D  0008AE      1142       0  CODE        2
                text19                         0008AE  00000D  0008BB      115C       0  CODE        2
                text17                         0008BB  00000D  0008C8      1176       0  CODE        2
                text20                         0008C8  00000E  0008D6      1190       0  CODE        2
                text18                         0008D6  00000E  0008E4      11AC       0  CODE        2
                text8                          0008E4  00000E  0008F2      11C8       0  CODE        2
                text4                          0008F2  00000E  000900      11E4       0  CODE        2
                text75                         000900  00000F  00090F      1200       0  CODE        2
                text69                         00090F  000010  00091F      121E       0  CODE        2
                text9                          00091F  000010  00092F      123E       0  CODE        2
                text25                         00092F  000011  000940      125E       0  CODE        2
                text32                         000940  000012  000952      1280       0  CODE        2
                text61                         000952  000013  000965      12A4       0  CODE        2
                text79                         000965  000014  000979      12CA       0  CODE        2
                text64                         000979  000014  00098D      12F2       0  CODE        2
                text10                         00098D  000014  0009A1      131A       0  CODE        2
                text49                         0009A1  000015  0009B6      1342       0  CODE        2
                text2                          0009B6  000015  0009CB      136C       0  CODE        2
                idataBANK2                     0009CB  000015  0009E0      1396       0  CODE        2
                text80                         0009E0  000016  0009F6      13C0       0  CODE        2
                text67                         0009F6  000016  000A0C      13EC       0  CODE        2
                text50                         000A0C  000016  000A22      1418       0  CODE        2
                text28                         000A22  000016  000A38      1444       0  CODE        2
                text40                         000A38  00001A  000A52      1470       0  CODE        2
                text39                         000A52  00001A  000A6C      14A4       0  CODE        2
                text30                         000A6C  00001B  000A87      14D8       0  CODE        2
                text58                         000A87  00001C  000AA3      150E       0  CODE        2
                text21                         000AA3  00001D  000AC0      1546       0  CODE        2
                text16                         000AC0  00001D  000ADD      1580       0  CODE        2
                text13                         000ADD  000025  000B02      15BA       0  CODE        2
                idataBANK8                     000B02  000028  000B2A      1604       0  CODE        2
                text11                         000B2A  00002A  000B54      1654       0  CODE        2
                text47                         000B54  00002C  000B80      16A8       0  CODE        2
                text31                         000B80  000031  000BB1      1700       0  CODE        2
                text37                         000BB1  000033  000BE4      1762       0  CODE        2
                idataBANK5                     000BE4  000036  000C1A      17C8       0  CODE        2
                text44                         000C1A  000037  000C51      1834       0  CODE        2
                text48                         000C51  00003C  000C8D      18A2       0  CODE        2
                text3                          000C8D  00003D  000CCA      191A       0  CODE        2
                text26                         000CCA  000046  000D10      1994       0  CODE        2
                text23                         000D10  000047  000D57      1A20       0  CODE        2
                text52                         000D57  00004F  000DA6      1AAE       0  CODE        2
                text14                         000DA6  000050  000DF6      1B4C       0  CODE        2
                text55                         000DF6  000051  000E47      1BEC       0  CODE        2
                text45                         000E47  000055  000E9C      1C8E       0  CODE        2
                text36                         000E9C  000069  000F05      1D38       0  CODE        2
                text12                         000F05  00006B  000F70      1E0A       0  CODE        2
                text38                         000F70  000090  001000      1EE0       0  CODE        2
                text73                         0017CA  000001  0017CB      2F94       0  CODE        2
                text77                         0017CB  000004  0017CF      2F96       0  CODE        2
                text59                         0017CF  000004  0017D3      2F9E       0  CODE        2
                text27                         0017D3  000004  0017D7      2FA6       0  CODE        2
                text51                         0017D7  000005  0017DC      2FAE       0  CODE        2
                text71                         0017DC  000006  0017E2      2FB8       0  CODE        2
                text65                         0017E2  000006  0017E8      2FC4       0  CODE        2
                text62                         0017E8  000006  0017EE      2FD0       0  CODE        2
                text43                         0017EE  000006  0017F4      2FDC       0  CODE        2
                text42                         0017F4  000006  0017FA      2FE8       0  CODE        2
                text41                         0017FA  000006  001800      2FF4       0  CODE        2
                stringtext1                    001800  000004  001804      3000       0  STRCODE     2


UNUSED ADDRESS RANGES

        Name                Unused          Largest block    Delta
        BANK1            000EF-000EF               1           1
        BANK10           00520-0056F              50           1
        BANK11           005A0-005EF              50           1
        BANK12           00620-0064F              30           1
        BANK2            0016D-0016F               3           1
        BANK3            001E0-001EF              10           1
        BANK4            00259-0026F              17           1
        BANK5            002D6-002EF              1A           1
        BANK6            0035B-0036F              15           1
        BANK7            003D6-003EF              1A           1
        BANK8            00463-0046F               D           1
        BANK9            004D9-004EF              17           1
        BIGRAM           02000-023EF             3F0           1
        CODE             01000-017C9             7CA           2
                         01804-01FFF             7FC
        CONST            01000-017C9             100           2
                         01804-01FFF             100
        EEDATA           0F000-0F0FF             100           2
        ENTRY            01000-017C9             100           2
                         01804-01FFF             100
        IDLOC            08000-08003               4           2
        RAM              000EF-000EF               1           1
                         0016D-0016F               3
                         001E0-001EF              10
                         00259-0026F              17
                         002D6-002EF              1A
                         0035B-0036F              15
                         003D6-003EF              1A
                         00463-0046F               D
                         004D9-004EF              17
                         00520-0056F              50
                         005A0-005EF              50
                         00620-0064F              30
        SFR0             00000-0001F              20           1
        SFR1             00080-0009F              20           1
        SFR10            00500-0051F              20           1
        SFR11            00580-0059F              20           1
        SFR12            00600-0061F              20           1
        SFR13            00680-006EF              70           1
        SFR14            00700-0076F              70           1
        SFR15            00780-007EF              70           1
        SFR16            00800-0086F              70           1
        SFR17            00880-008EF              70           1
        SFR18            00900-0096F              70           1
        SFR19            00980-009EF              70           1
        SFR2             00100-0011F              20           1
        SFR20            00A00-00A6F              70           1
        SFR21            00A80-00AEF              70           1
        SFR22            00B00-00B6F              70           1
        SFR23            00B80-00BEF              70           1
        SFR24            00C00-00C6F              70           1
        SFR25            00C80-00CEF              70           1
        SFR26            00D00-00D6F              70           1
        SFR27            00D80-00DEF              70           1
        SFR28            00E00-00E6F              70           1
        SFR29            00E80-00EEF              70           1
        SFR3             00180-0019F              20           1
        SFR30            00F00-00F6F              70           1
        SFR31            00F80-00FEF              70           1
        SFR4             00200-0021F              20           1
        SFR5             00280-0029F              20           1
        SFR6             00300-0031F              20           1
        SFR7             00380-0039F              20           1
        SFR8             00400-0041F              20           1
        SFR9             00480-0049F              20           1
        STACK            02309-023EF              E7           1
        STRCODE          01000-017C9             7CA           2
                         01804-01FFF             7FC
        STRING           01000-017C9             100           2
                         01804-01FFF             100

                                  Symbol Table

?_NewDCMotor                                         cstackBANK0  00020
?_NewSpiDriver                                       cstackBANK0  00020
?___aldiv                                            cstackCOMMON 00070
?___lmul                                             cstackCOMMON 00070
?___lwdiv                                            cstackCOMMON 00070
?_getHWSpeed                                         cstackBANK0  00026
?_outputW                                            cstackCOMMON 00078
?_read                                               cstackCOMMON 00070
?_write                                              cstackCOMMON 00071
EPWM1_LoadDutyValue@dutyValue                        cstackBANK0  0002C
NewDCMotor@F128                                      bssBANK6     00320
NewDCMotor@_setDir                                   cstackBANK0  00020
NewDCMotor@_setSpeed                                 cstackBANK0  00022
NewDCMotor@m                                         cstackBANK0  00040
NewSpiDriver@F2536                                   bssBANK9     004A0
NewSpiDriver@cl                                      cstackBANK0  00022
NewSpiDriver@ie                                      cstackBANK0  0002C
NewSpiDriver@op                                      cstackBANK0  00020
NewSpiDriver@rd                                      cstackBANK0  00024
NewSpiDriver@rst                                     cstackBANK0  0002A
NewSpiDriver@spi                                     cstackBANK1  000A0
NewSpiDriver@wr1                                     cstackBANK0  00026
NewSpiDriver@wr2                                     cstackBANK0  00028
NewTimer@F121                                        bssBANK6     00340
PWM3_LoadDutyValue@dutyValue                         cstackBANK0  0002C
SPI_Open@spiUniqueConfiguration                      cstackCOMMON 00073
SPI_SetInterruptHandler@handler                      cstackCOMMON 00070
TMR4_SetInterruptHandler@InterruptHandler            cstackCOMMON 00070
_ANSELA                                              (abs)        0018C
_ANSELC                                              (abs)        0018E
_APFCON0                                             (abs)        0011D
_APFCON1                                             (abs)        0011E
_BORCON                                              (abs)        00116
_CCP1CON                                             (abs)        00293
_CCP3CON                                             (abs)        00313
_CCPR1H                                              (abs)        00292
_CCPR1L                                              (abs)        00291
_CCPR3H                                              (abs)        00312
_CCPR3L                                              (abs)        00311
_CCPTMRSbits                                         (abs)        0029E
_ECCP1AS                                             (abs)        00295
_EPWM1_Initialize                                    text69       0090F
_EPWM1_LoadDutyValue                                 text39       00A52
_GetCommunicationInstance                            text57       00002
_GetTimeSystemInstance                               text56       00887
_INTCONbits                                          (abs)        0000B
_INTERRUPT_InterruptManager                          intentry     00004
_LATA                                                (abs)        0010C
_LATAbits                                            (abs)        0010C
_LATC                                                (abs)        0010E
_LATCbits                                            (abs)        0010E
_MSSP_InterruptHandler                               nvBANK1      000ED
_NewDCMotor                                          text55       00DF6
_NewSpiDriver                                        text54       0076C
_OPTION_REGbits                                      (abs)        00095
_OSCCON                                              (abs)        00099
_OSCILLATOR_Initialize                               text68       0086E
_OSCTUNE                                             (abs)        00098
_PIE1bits                                            (abs)        00091
_PIE2bits                                            (abs)        00092
_PIE3bits                                            (abs)        00093
_PIN_MANAGER_Initialize                              text67       009F6
_PIR1bits                                            (abs)        00011
_PIR2bits                                            (abs)        00012
_PIR3bits                                            (abs)        00013
_PLLR                                                (abs)        004D6
_PR2                                                 (abs)        0001B
_PR4                                                 (abs)        00416
_PR6                                                 (abs)        0041D
_PSTR1CON                                            (abs)        00296
_PWM1CON                                             (abs)        00294
_PWM3_Initialize                                     text66       0082D
_PWM3_LoadDutyValue                                  text40       00A38
_SPI_Initialize                                      text64       00979
_SPI_InterruptHandler                                bssBANK1     000DD
_SPI_Isr                                             text79       00965
_SPI_Open                                            text52       00D57
_SPI_SetInterruptHandler                             text65       017E2
_SSP1ADD                                             (abs)        00212
_SSP1BUF                                             (abs)        00211
_SSP1CON1                                            (abs)        00215
_SSP1CON1bits                                        (abs)        00215
_SSP1CON2                                            (abs)        00216
_SSP1STAT                                            (abs)        00214
_SSP1STATbits                                        (abs)        00214
_SYSTEM_Initialize                                   text58       00A87
_T2CON                                               (abs)        0001C
_T2CONbits                                           (abs)        0001C
_T4CON                                               (abs)        00417
_T4CONbits                                           (abs)        00417
_T6CON                                               (abs)        0041E
_T6CONbits                                           (abs)        0041E
_TMR2                                                (abs)        0001A
_TMR2_Initialize                                     text63       00814
_TMR4                                                (abs)        00415
_TMR4_CallBack                                       text72       0087A
_TMR4_DefaultInterruptHandler                        text73       017CA
_TMR4_ISR                                            text71       017DC
_TMR4_Initialize                                     text61       00952
_TMR4_InterruptHandler                               bssBANK1     000DF
_TMR4_SetInterruptHandler                            text62       017E8
_TMR6                                                (abs)        0041C
_TMR6_Initialize                                     text60       00837
_TRISA                                               (abs)        0008C
_TRISC                                               (abs)        0008E
_TRISCbits                                           (abs)        0008E
_WDTCON                                              (abs)        00097
_WDT_Initialize                                      text59       017CF
_WPUA                                                (abs)        0020C
_WPUC                                                (abs)        0020E
__Habs1                                              abs1         00000
__Hbank0                                             bank0        00000
__Hbank1                                             bank1        00000
__Hbank10                                            bank10       00000
__Hbank11                                            bank11       00000
__Hbank12                                            bank12       00000
__Hbank13                                            bank13       00000
__Hbank14                                            bank14       00000
__Hbank15                                            bank15       00000
__Hbank16                                            bank16       00000
__Hbank17                                            bank17       00000
__Hbank18                                            bank18       00000
__Hbank19                                            bank19       00000
__Hbank2                                             bank2        00000
__Hbank20                                            bank20       00000
__Hbank21                                            bank21       00000
__Hbank22                                            bank22       00000
__Hbank23                                            bank23       00000
__Hbank24                                            bank24       00000
__Hbank25                                            bank25       00000
__Hbank26                                            bank26       00000
__Hbank27                                            bank27       00000
__Hbank28                                            bank28       00000
__Hbank29                                            bank29       00000
__Hbank3                                             bank3        00000
__Hbank30                                            bank30       00000
__Hbank31                                            bank31       00000
__Hbank4                                             bank4        00000
__Hbank5                                             bank5        00000
__Hbank6                                             bank6        00000
__Hbank7                                             bank7        00000
__Hbank8                                             bank8        00000
__Hbank9                                             bank9        00000
__Hbigram                                            bigram       00000
__HbssBANK0                                          bssBANK0     00000
__HbssBANK1                                          bssBANK1     00000
__HbssBANK2                                          bssBANK2     00000
__HbssBANK3                                          bssBANK3     00000
__HbssBANK4                                          bssBANK4     00000
__HbssBANK6                                          bssBANK6     00000
__HbssBANK7                                          bssBANK7     00000
__HbssBANK8                                          bssBANK8     00000
__HbssBANK9                                          bssBANK9     00000
__Hcinit                                             cinit        000AE
__Hclrtext                                           clrtext      00000
__Hcode                                              code         00000
__Hcommon                                            common       00000
__Hconfig                                            config       08009
__HcstackBANK0                                       cstackBANK0  00000
__HcstackBANK1                                       cstackBANK1  00000
__HcstackBANK2                                       cstackBANK2  00000
__HcstackCOMMON                                      cstackCOMMON 00000
__HdataBANK0                                         dataBANK0    00000
__HdataBANK2                                         dataBANK2    00000
__HdataBANK5                                         dataBANK5    00000
__HdataBANK8                                         dataBANK8    00000
__Heeprom_data                                       eeprom_data  00000
__Hend_init                                          end_init     00035
__Hfunctab                                           functab      00000
__HidataBANK0                                        idataBANK0   00000
__HidataBANK2                                        idataBANK2   00000
__HidataBANK5                                        idataBANK5   00000
__HidataBANK8                                        idataBANK8   00000
__Hinit                                              init         00033
__Hinittext                                          inittext     00000
__Hintentry                                          intentry     00033
__Hmaintext                                          maintext     00000
__HnvBANK1                                           nvBANK1      00000
__Hpowerup                                           powerup      00000
__Hram                                               ram          00000
__Hreset_vec                                         reset_vec    00002
__Hsfr0                                              sfr0         00000
__Hsfr1                                              sfr1         00000
__Hsfr10                                             sfr10        00000
__Hsfr11                                             sfr11        00000
__Hsfr12                                             sfr12        00000
__Hsfr13                                             sfr13        00000
__Hsfr14                                             sfr14        00000
__Hsfr15                                             sfr15        00000
__Hsfr16                                             sfr16        00000
__Hsfr17                                             sfr17        00000
__Hsfr18                                             sfr18        00000
__Hsfr19                                             sfr19        00000
__Hsfr2                                              sfr2         00000
__Hsfr20                                             sfr20        00000
__Hsfr21                                             sfr21        00000
__Hsfr22                                             sfr22        00000
__Hsfr23                                             sfr23        00000
__Hsfr24                                             sfr24        00000
__Hsfr25                                             sfr25        00000
__Hsfr26                                             sfr26        00000
__Hsfr27                                             sfr27        00000
__Hsfr28                                             sfr28        00000
__Hsfr29                                             sfr29        00000
__Hsfr3                                              sfr3         00000
__Hsfr30                                             sfr30        00000
__Hsfr31                                             sfr31        00000
__Hsfr4                                              sfr4         00000
__Hsfr5                                              sfr5         00000
__Hsfr6                                              sfr6         00000
__Hsfr7                                              sfr7         00000
__Hsfr8                                              sfr8         00000
__Hsfr9                                              sfr9         00000
__Hspace_0                                           (abs)        01804
__Hspace_1                                           (abs)        004D9
__Hspace_2                                           (abs)        00000
__Hspace_3                                           (abs)        00000
__Hspace_4                                           (abs)        10010
__Hstack                                             stack        00000
__Hstrings                                           strings      00000
__Hstringtext1                                       stringtext1  00000
__Htext                                              text         00000
__Labs1                                              abs1         00000
__Lbank0                                             bank0        00000
__Lbank1                                             bank1        00000
__Lbank10                                            bank10       00000
__Lbank11                                            bank11       00000
__Lbank12                                            bank12       00000
__Lbank13                                            bank13       00000
__Lbank14                                            bank14       00000
__Lbank15                                            bank15       00000
__Lbank16                                            bank16       00000
__Lbank17                                            bank17       00000
__Lbank18                                            bank18       00000
__Lbank19                                            bank19       00000
__Lbank2                                             bank2        00000
__Lbank20                                            bank20       00000
__Lbank21                                            bank21       00000
__Lbank22                                            bank22       00000
__Lbank23                                            bank23       00000
__Lbank24                                            bank24       00000
__Lbank25                                            bank25       00000
__Lbank26                                            bank26       00000
__Lbank27                                            bank27       00000
__Lbank28                                            bank28       00000
__Lbank29                                            bank29       00000
__Lbank3                                             bank3        00000
__Lbank30                                            bank30       00000
__Lbank31                                            bank31       00000
__Lbank4                                             bank4        00000
__Lbank5                                             bank5        00000
__Lbank6                                             bank6        00000
__Lbank7                                             bank7        00000
__Lbank8                                             bank8        00000
__Lbank9                                             bank9        00000
__Lbigram                                            bigram       00000
__LbssBANK0                                          bssBANK0     00000
__LbssBANK1                                          bssBANK1     00000
__LbssBANK2                                          bssBANK2     00000
__LbssBANK3                                          bssBANK3     00000
__LbssBANK4                                          bssBANK4     00000
__LbssBANK6                                          bssBANK6     00000
__LbssBANK7                                          bssBANK7     00000
__LbssBANK8                                          bssBANK8     00000
__LbssBANK9                                          bssBANK9     00000
__Lcinit                                             cinit        00035
__Lclrtext                                           clrtext      00000
__Lcode                                              code         00000
__Lcommon                                            common       00000
__Lconfig                                            config       00000
__LcstackBANK0                                       cstackBANK0  00000
__LcstackBANK1                                       cstackBANK1  00000
__LcstackBANK2                                       cstackBANK2  00000
__LcstackCOMMON                                      cstackCOMMON 00000
__LdataBANK0                                         dataBANK0    00000
__LdataBANK2                                         dataBANK2    00000
__LdataBANK5                                         dataBANK5    00000
__LdataBANK8                                         dataBANK8    00000
__Leeprom_data                                       eeprom_data  00000
__Lend_init                                          end_init     00033
__Lfunctab                                           functab      00000
__LidataBANK0                                        idataBANK0   00000
__LidataBANK2                                        idataBANK2   00000
__LidataBANK5                                        idataBANK5   00000
__LidataBANK8                                        idataBANK8   00000
__Linit                                              init         00033
__Linittext                                          inittext     00000
__Lintentry                                          intentry     00004
__Lmaintext                                          maintext     00000
__LnvBANK1                                           nvBANK1      00000
__Lpowerup                                           powerup      00000
__Lram                                               ram          00000
__Lreset_vec                                         reset_vec    00000
__Lsfr0                                              sfr0         00000
__Lsfr1                                              sfr1         00000
__Lsfr10                                             sfr10        00000
__Lsfr11                                             sfr11        00000
__Lsfr12                                             sfr12        00000
__Lsfr13                                             sfr13        00000
__Lsfr14                                             sfr14        00000
__Lsfr15                                             sfr15        00000
__Lsfr16                                             sfr16        00000
__Lsfr17                                             sfr17        00000
__Lsfr18                                             sfr18        00000
__Lsfr19                                             sfr19        00000
__Lsfr2                                              sfr2         00000
__Lsfr20                                             sfr20        00000
__Lsfr21                                             sfr21        00000
__Lsfr22                                             sfr22        00000
__Lsfr23                                             sfr23        00000
__Lsfr24                                             sfr24        00000
__Lsfr25                                             sfr25        00000
__Lsfr26                                             sfr26        00000
__Lsfr27                                             sfr27        00000
__Lsfr28                                             sfr28        00000
__Lsfr29                                             sfr29        00000
__Lsfr3                                              sfr3         00000
__Lsfr30                                             sfr30        00000
__Lsfr31                                             sfr31        00000
__Lsfr4                                              sfr4         00000
__Lsfr5                                              sfr5         00000
__Lsfr6                                              sfr6         00000
__Lsfr7                                              sfr7         00000
__Lsfr8                                              sfr8         00000
__Lsfr9                                              sfr9         00000
__Lspace_0                                           (abs)        00000
__Lspace_1                                           (abs)        00000
__Lspace_2                                           (abs)        00000
__Lspace_3                                           (abs)        00000
__Lspace_4                                           (abs)        00000
__Lstack                                             stack        00000
__Lstrings                                           strings      00000
__Lstringtext1                                       stringtext1  00000
__Ltext                                              text         00000
__S0                                                 (abs)        01804
__S1                                                 (abs)        004D9
__S2                                                 (abs)        00000
__S3                                                 (abs)        00000
___aldiv                                             text38       00F70
___aldiv@counter                                     cstackBANK0  00020
___aldiv@dividend                                    cstackCOMMON 00074
___aldiv@divisor                                     cstackCOMMON 00070
___aldiv@quotient                                    cstackBANK0  00022
___aldiv@sign                                        cstackBANK0  00021
___bmul                                              text49       009A1
___bmul@multiplicand                                 cstackCOMMON 00078
___bmul@multiplier                                   cstackCOMMON 0007B
___bmul@product                                      cstackCOMMON 0007A
___int_sp                                            stack        00000
___latbits                                           (abs)        00002
___lmul                                              text37       00BB1
___lmul@multiplicand                                 cstackCOMMON 00074
___lmul@multiplier                                   cstackCOMMON 00070
___lmul@product                                      cstackCOMMON 00078
___lwdiv                                             text48       00C51
___lwdiv@counter                                     cstackCOMMON 00075
___lwdiv@dividend                                    cstackCOMMON 00072
___lwdiv@divisor                                     cstackCOMMON 00070
___lwdiv@quotient                                    cstackCOMMON 00076
___run                                               text6        00800
___run@function                                      cstackCOMMON 00070
___sp                                                stack        00000
___stackhi                                           (abs)        023EF
___stacklo                                           (abs)        02309
__end_of_EPWM1_Initialize                            text69       0091F
__end_of_EPWM1_LoadDutyValue                         text39       00A6C
__end_of_GetCommunicationInstance                    text57       00004
__end_of_GetTimeSystemInstance                       text56       00894
__end_of_INTERRUPT_InterruptManager                  intentry     00033
__end_of_NewDCMotor                                  text55       00E47
__end_of_NewSpiDriver                                text54       007FD
__end_of_OSCILLATOR_Initialize                       text68       0087A
__end_of_PIN_MANAGER_Initialize                      text67       00A0C
__end_of_PWM3_Initialize                             text66       00837
__end_of_PWM3_LoadDutyValue                          text40       00A52
__end_of_SPI_Initialize                              text64       0098D
__end_of_SPI_Isr                                     text79       00979
__end_of_SPI_Open                                    text52       00DA6
__end_of_SPI_SetInterruptHandler                     text65       017E8
__end_of_SYSTEM_Initialize                           text58       00AA3
__end_of_TMR2_Initialize                             text63       0081C
__end_of_TMR4_CallBack                               text72       00887
__end_of_TMR4_DefaultInterruptHandler                text73       017CB
__end_of_TMR4_ISR                                    text71       017E2
__end_of_TMR4_Initialize                             text61       00965
__end_of_TMR4_SetInterruptHandler                    text62       017EE
__end_of_TMR6_Initialize                             text60       00841
__end_of_WDT_Initialize                              text59       017D3
__end_of___aldiv                                     text38       01000
__end_of___bmul                                      text49       009B6
__end_of___lmul                                      text37       00BE4
__end_of___lwdiv                                     text48       00C8D
__end_of___run                                       text6        00801
__end_of__initialization                             cinit        000AA
__end_of_appTasks                                    text1        00272
__end_of_commandHandler                              text15       006BF
__end_of_creatErrorFrame                             text32       00952
__end_of_dataReceived                                text75       0090F
__end_of_espi_int                                    text29       008AE
__end_of_espi_op                                     text51       017DC
__end_of_espi_rd                                     text78       00800
__end_of_espi_rst                                    text28       00A38
__end_of_espi_setInterrupHandler                     text53       008A1
__end_of_espi_wr1                                    text77       017CF
__end_of_espi_wr2                                    text27       017D7
__end_of_exchangeDone                                text76       0054B
__end_of_getHWSpeed                                  text36       00F05
__end_of_getRegister                                 text31       00BB1
__end_of_getSUM                                      text30       00A87
__end_of_healthy                                     text3        00CCA
__end_of_inputR                                      text13       00B02
__end_of_interrupHandler                             text80       009F6
__end_of_main                                        maintext     00862
__end_of_memcpy                                      text47       00B80
__end_of_memset                                      text46       0076C
__end_of_motor1SetDir                                text34       00857
__end_of_motor2SetDir                                text35       0084C
__end_of_open                                        text50       00A22
__end_of_outputW                                     text11       00B54
__end_of_read                                        text14       00DF6
__end_of_reset                                       text26       00D10
__end_of_reset@Comm$F2985                            text25       00940
__end_of_run                                         text24       00824
__end_of_runMotors                                   text16       00ADD
__end_of_rxDone                                      text10       009A1
__end_of_setDir                                      text23       00D57
__end_of_setMotor1Clockwise                          text20       008D6
__end_of_setMotor1Counterclockwise                   text19       008BB
__end_of_setMotor2Clockwise                          text18       008E4
__end_of_setMotor2Counterclockwise                   text17       008C8
__end_of_setRegistersTable                           text45       00E9C
__end_of_setSpeed                                    text44       00C51
__end_of_setTimeBaseCounter                          text43       017F4
__end_of_setTimeBaseCounter@Comm$F2954               text42       017FA
__end_of_setTimeBaseCounter@SpiCommunication$F2153   text41       01800
__end_of_spi_configuration                           stringtext1  01804
__end_of_stop                                        text22       00814
__end_of_stopMotors                                  text21       00AC0
__end_of_tasks                                       text33       003A7
__end_of_tasks@Comm$F2950                            text7        00488
__end_of_tasks@SpiCommunication$F2138                text5        00608
__end_of_tasks@TimeSystem$F1858                      text4        00900
__end_of_transferFrames                              text9        0092F
__end_of_txDone                                      text8        008F2
__end_of_updateMillis                                text74       0086E
__end_of_wdt                                         text2        009CB
__end_of_write                                       text12       00F70
__initialization                                     cinit        00035
__pbssBANK0                                          bssBANK0     0006B
__pbssBANK1                                          bssBANK1     000D9
__pbssBANK2                                          bssBANK2     0015D
__pbssBANK3                                          bssBANK3     001A0
__pbssBANK4                                          bssBANK4     00220
__pbssBANK6                                          bssBANK6     00320
__pbssBANK7                                          bssBANK7     003A0
__pbssBANK8                                          bssBANK8     00448
__pbssBANK9                                          bssBANK9     004A0
__pcstackBANK0                                       cstackBANK0  00020
__pcstackBANK1                                       cstackBANK1  000A0
__pcstackBANK2                                       cstackBANK2  00120
__pcstackCOMMON                                      cstackCOMMON 00070
__pdataBANK0                                         dataBANK0    00062
__pdataBANK2                                         dataBANK2    00148
__pdataBANK5                                         dataBANK5    002A0
__pdataBANK8                                         dataBANK8    00420
__pidataBANK0                                        idataBANK0   00824
__pidataBANK2                                        idataBANK2   009CB
__pidataBANK5                                        idataBANK5   00BE4
__pidataBANK8                                        idataBANK8   00B02
__pintentry                                          intentry     00004
__pmaintext                                          maintext     00857
__pnvBANK1                                           nvBANK1      000ED
__pstringtext1                                       stringtext1  01800
__ptext1                                             text1        000AE
__ptext10                                            text10       0098D
__ptext11                                            text11       00B2A
__ptext12                                            text12       00F05
__ptext13                                            text13       00ADD
__ptext14                                            text14       00DA6
__ptext15                                            text15       00608
__ptext16                                            text16       00AC0
__ptext17                                            text17       008BB
__ptext18                                            text18       008D6
__ptext19                                            text19       008AE
__ptext2                                             text2        009B6
__ptext20                                            text20       008C8
__ptext21                                            text21       00AA3
__ptext22                                            text22       0080D
__ptext23                                            text23       00D10
__ptext24                                            text24       0081C
__ptext25                                            text25       0092F
__ptext26                                            text26       00CCA
__ptext27                                            text27       017D3
__ptext28                                            text28       00A22
__ptext29                                            text29       008A1
__ptext3                                             text3        00C8D
__ptext30                                            text30       00A6C
__ptext31                                            text31       00B80
__ptext32                                            text32       00940
__ptext33                                            text33       00272
__ptext34                                            text34       0084C
__ptext35                                            text35       00841
__ptext36                                            text36       00E9C
__ptext37                                            text37       00BB1
__ptext38                                            text38       00F70
__ptext39                                            text39       00A52
__ptext4                                             text4        008F2
__ptext40                                            text40       00A38
__ptext41                                            text41       017FA
__ptext42                                            text42       017F4
__ptext43                                            text43       017EE
__ptext44                                            text44       00C1A
__ptext45                                            text45       00E47
__ptext46                                            text46       006BF
__ptext47                                            text47       00B54
__ptext48                                            text48       00C51
__ptext49                                            text49       009A1
__ptext5                                             text5        0054B
__ptext50                                            text50       00A0C
__ptext51                                            text51       017D7
__ptext52                                            text52       00D57
__ptext53                                            text53       00894
__ptext54                                            text54       0076C
__ptext55                                            text55       00DF6
__ptext56                                            text56       00887
__ptext57                                            text57       00002
__ptext58                                            text58       00A87
__ptext59                                            text59       017CF
__ptext6                                             text6        00800
__ptext60                                            text60       00837
__ptext61                                            text61       00952
__ptext62                                            text62       017E8
__ptext63                                            text63       00814
__ptext64                                            text64       00979
__ptext65                                            text65       017E2
__ptext66                                            text66       0082D
__ptext67                                            text67       009F6
__ptext68                                            text68       0086E
__ptext69                                            text69       0090F
__ptext7                                             text7        003A7
__ptext71                                            text71       017DC
__ptext72                                            text72       0087A
__ptext73                                            text73       017CA
__ptext74                                            text74       00862
__ptext75                                            text75       00900
__ptext76                                            text76       00488
__ptext77                                            text77       017CB
__ptext78                                            text78       007FD
__ptext79                                            text79       00965
__ptext8                                             text8        008E4
__ptext80                                            text80       009E0
__ptext9                                             text9        0091F
__size_of_EPWM1_Initialize                           (abs)        00000
__size_of_EPWM1_LoadDutyValue                        (abs)        00000
__size_of_GetCommunicationInstance                   (abs)        00000
__size_of_GetTimeSystemInstance                      (abs)        00000
__size_of_INTERRUPT_InterruptManager                 (abs)        00000
__size_of_NewDCMotor                                 (abs)        00000
__size_of_NewSpiDriver                               (abs)        00000
__size_of_OSCILLATOR_Initialize                      (abs)        00000
__size_of_PIN_MANAGER_Initialize                     (abs)        00000
__size_of_PWM3_Initialize                            (abs)        00000
__size_of_PWM3_LoadDutyValue                         (abs)        00000
__size_of_SPI_Initialize                             (abs)        00000
__size_of_SPI_Isr                                    (abs)        00000
__size_of_SPI_Open                                   (abs)        00000
__size_of_SPI_SetInterruptHandler                    (abs)        00000
__size_of_SYSTEM_Initialize                          (abs)        00000
__size_of_TMR2_Initialize                            (abs)        00000
__size_of_TMR4_CallBack                              (abs)        00000
__size_of_TMR4_DefaultInterruptHandler               (abs)        00000
__size_of_TMR4_ISR                                   (abs)        00000
__size_of_TMR4_Initialize                            (abs)        00000
__size_of_TMR4_SetInterruptHandler                   (abs)        00000
__size_of_TMR6_Initialize                            (abs)        00000
__size_of_WDT_Initialize                             (abs)        00000
[...]
      Locals:         0       0       0       0       0       0       0       0       0       0       0       0       0       0
      Temps:          0       0       0       0       0       0       0       0       0       0       0       0       0       0
      Totals:         0       0       0       0       0       0       0       0       0       0       0       0       0       0
Total ram usage:        0 bytes
 Hardware stack levels used:    1
 Hardware stack levels required when called:    5
 This function calls:
		_SPI_Isr
		_TMR4_ISR
 This function is called by:
		Interrupt level 1
 This function uses a non-reentrant model


 *************** function _TMR4_ISR *****************
 Defined at:
		line 119 in file "mcc_generated_files/tmr4.c"
 Parameters:    Size  Location     Type
		None
 Auto vars:     Size  Location     Type
		None
 Return value:  Size  Location     Type
                  1    wreg      void 
 Registers used:
		wreg, status,2, status,0, pclath, cstack
 Tracked objects:
		On entry : 
		On exit  : 
		Unchanged: 
 Data sizes:     COMMON   BANK0   BANK1   BANK2   BANK3   BANK4   BANK5   BANK6   BANK7   BANK8   BANK9  BANK10  BANK11  BANK12
      Params:         0       0       0       0       0       0       0       0       0       0       0       0       0       0
      Locals:         0       0       0       0       0       0       0       0       0       0       0       0       0       0
      Temps:          0       0       0       0       0       0       0       0       0       0       0       0       0       0
      Totals:         0       0       0       0       0       0       0       0       0       0       0       0       0       0
Total ram usage:        0 bytes
 Hardware stack levels used:    1
 Hardware stack levels required when called:    2
 This function calls:
		_TMR4_CallBack
 This function is called by:
		_INTERRUPT_InterruptManager
 This function uses a non-reentrant model


 *************** function _TMR4_CallBack *****************
 Defined at:
		line 130 in file "mcc_generated_files/tmr4.c"
 Parameters:    Size  Location     Type
		None
 Auto vars:     Size  Location     Type
		None
 Return value:  Size  Location     Type
                  1    wreg      void 
 Registers used:
		wreg, status,2, status,0, pclath, cstack
 Tracked objects:
		On entry : 
		On exit  : 
		Unchanged: 
 Data sizes:     COMMON   BANK0   BANK1   BANK2   BANK3   BANK4   BANK5   BANK6   BANK7   BANK8   BANK9  BANK10  BANK11  BANK12
      Params:         0       0       0       0       0       0       0       0       0       0       0       0       0       0
      Locals:         0       0       0       0       0       0       0       0       0       0       0       0       0       0
      Temps:          0       0       0       0       0       0       0       0       0       0       0       0       0       0
      Totals:         0       0       0       0       0       0       0       0       0       0       0       0       0       0
Total ram usage:        0 bytes
 Hardware stack levels used:    1
 Hardware stack levels required when called:    1
 This function calls:
		Absolute function
		_TMR4_DefaultInterruptHandler
		_updateMillis
 This function is called by:
		_TMR4_ISR
 This function uses a non-reentrant model


 *************** function _TMR4_DefaultInterruptHandler *****************
 Defined at:
		line 144 in file "mcc_generated_files/tmr4.c"
 Parameters:    Size  Location     Type
		None
 Auto vars:     Size  Location     Type
		None
 Return value:  Size  Location     Type
                  1    wreg      void 
 Registers used:
		None
 Tracked objects:
		On entry : 
		On exit  : 
		Unchanged: 
 Data sizes:     COMMON   BANK0   BANK1   BANK2   BANK3   BANK4   BANK5   BANK6   BANK7   BANK8   BANK9  BANK10  BANK11  BANK12
      Params:         0       0       0       0       0       0       0       0       0       0       0       0       0       0
      Locals:         0       0       0       0       0       0       0       0       0       0       0       0       0       0
      Temps:          0       0       0       0       0       0       0       0       0       0       0       0       0       0
      Totals:         0       0       0       0       0       0       0       0       0       0       0       0       0       0
Total ram usage:        0 bytes
 Hardware stack levels used:    1
 This function calls:
		Nothing
 This function is called by:
		_TMR4_Initialize
		_TMR4_CallBack
 This function uses a non-reentrant model


 *************** function _updateMillis *****************
 Defined at:
		line 47 in file "TimeSystem.c"
 Parameters:    Size  Location     Type
		None
 Auto vars:     Size  Location     Type
		None
 Return value:  Size  Location     Type
                  1    wreg      void 
 Registers used:
		wreg, status,2, status,0
 Tracked objects:
		On entry : 
		On exit  : 
		Unchanged: 
 Data sizes:     COMMON   BANK0   BANK1   BANK2   BANK3   BANK4   BANK5   BANK6   BANK7   BANK8   BANK9  BANK10  BANK11  BANK12
      Params:         0       0       0       0       0       0       0       0       0       0       0       0       0       0
      Locals:         0       0       0       0       0       0       0       0       0       0       0       0       0       0
      Temps:          0       0       0       0       0       0       0       0       0       0       0       0       0       0
      Totals:         0       0       0       0       0       0       0       0       0       0       0       0       0       0
Total ram usage:        0 bytes
 Hardware stack levels used:    1
 This function calls:
		Nothing
 This function is called by:
		_TMR4_CallBack
 This function uses a non-reentrant model


 *************** function _dataReceived *****************
 Defined at:
		line 36 in file "app.c"
 Parameters:    Size  Location     Type
		None
 Auto vars:     Size  Location     Type
		None
 Return value:  Size  Location     Type
                  1    wreg      void 
 Registers used:
		wreg, fsr0l, fsr0h, fsr1l, fsr1h, status,2, status,0, pclath, cstack
 Tracked objects:
		On entry : 
		On exit  : 
		Unchanged: 
 Data sizes:     COMMON   BANK0   BANK1   BANK2   BANK3   BANK4   BANK5   BANK6   BANK7   BANK8   BANK9  BANK10  BANK11  BANK12
      Params:         0       0       0       0       0       0       0       0       0       0       0       0       0       0
      Locals:         0       0       0       0       0       0       0       0       0       0       0       0       0       0
      Temps:          1       0       0       0       0       0       0       0       0       0       0       0       0       0
      Totals:         1       0       0       0       0       0       0       0       0       0       0       0       0       0
Total ram usage:        1 bytes
 Hardware stack levels used:    1
 Hardware stack levels required when called:    2
 This function calls:
		Absolute function
		_exchangeDone
 This function is called by:
		_appTasks
		_interrupHandler
 This function uses a non-reentrant model


 *************** function _exchangeDone *****************
 Defined at:
		line 91 in file "SpiCommunication.c"
 Parameters:    Size  Location     Type
  this            1    1[COMMON] PTR struct SPI
		 -> spi(57), 
 Auto vars:     Size  Location     Type
		None
 Return value:  Size  Location     Type
                  1    wreg      void 
 Registers used:
		wreg, fsr0l, fsr0h, fsr1l, fsr1h, status,2, status,0, pclath, cstack
 Tracked objects:
		On entry : 
		On exit  : 
		Unchanged: 
 Data sizes:     COMMON   BANK0   BANK1   BANK2   BANK3   BANK4   BANK5   BANK6   BANK7   BANK8   BANK9  BANK10  BANK11  BANK12
      Params:         1       0       0       0       0       0       0       0       0       0       0       0       0       0
      Locals:         0       0       0       0       0       0       0       0       0       0       0       0       0       0
      Temps:          3       0       0       0       0       0       0       0       0       0       0       0       0       0
      Totals:         4       0       0       0       0       0       0       0       0       0       0       0       0       0
Total ram usage:        4 bytes
 Hardware stack levels used:    1
 Hardware stack levels required when called:    1
 This function calls:
		Absolute function
		_espi_rd
		_espi_wr1
 This function is called by:
		_NewSpiDriver
		_dataReceived
 This function uses a non-reentrant model


 *************** function _espi_wr1 *****************
 Defined at:
		line 26 in file "enhaced_spi.c"
 Parameters:    Size  Location     Type
  byte            1    0[COMMON] unsigned char 
 Auto vars:     Size  Location     Type
		None
 Return value:  Size  Location     Type
                  1    wreg      void 
 Registers used:
		wreg
 Tracked objects:
		On entry : 
		On exit  : 
		Unchanged: 
 Data sizes:     COMMON   BANK0   BANK1   BANK2   BANK3   BANK4   BANK5   BANK6   BANK7   BANK8   BANK9  BANK10  BANK11  BANK12
      Params:         1       0       0       0       0       0       0       0       0       0       0       0       0       0
      Locals:         0       0       0       0       0       0       0       0       0       0       0       0       0       0
      Temps:          0       0       0       0       0       0       0       0       0       0       0       0       0       0
      Totals:         1       0       0       0       0       0       0       0       0       0       0       0       0       0
Total ram usage:        1 bytes
 Hardware stack levels used:    1
 This function calls:
		Nothing
 This function is called by:
		_appTasks
		_exchangeDone
 This function uses a non-reentrant model


 *************** function _espi_rd *****************
 Defined at:
		line 39 in file "enhaced_spi.c"
 Parameters:    Size  Location     Type
		None
 Auto vars:     Size  Location     Type
		None
 Return value:  Size  Location     Type
                  1    wreg      unsigned char 
 Registers used:
		wreg
 Tracked objects:
		On entry : 
		On exit  : 
		Unchanged: 
 Data sizes:     COMMON   BANK0   BANK1   BANK2   BANK3   BANK4   BANK5   BANK6   BANK7   BANK8   BANK9  BANK10  BANK11  BANK12
      Params:         0       0       0       0       0       0       0       0       0       0       0       0       0       0
      Locals:         0       0       0       0       0       0       0       0       0       0       0       0       0       0
      Temps:          0       0       0       0       0       0       0       0       0       0       0       0       0       0
      Totals:         0       0       0       0       0       0       0       0       0       0       0       0       0       0
Total ram usage:        0 bytes
 Hardware stack levels used:    1
 This function calls:
		Nothing
 This function is called by:
		_appTasks
		_exchangeDone
 This function uses a non-reentrant model


 *************** function _SPI_Isr *****************
 Defined at:
		line 143 in file "mcc_generated_files/spi.c"
 Parameters:    Size  Location     Type
		None
 Auto vars:     Size  Location     Type
		None
 Return value:  Size  Location     Type
                  1    wreg      void 
 Registers used:
		wreg, fsr0l, fsr0h, fsr1l, fsr1h, status,2, status,0, pclath, cstack
 Tracked objects:
		On entry : 
		On exit  : 
		Unchanged: 
 Data sizes:     COMMON   BANK0   BANK1   BANK2   BANK3   BANK4   BANK5   BANK6   BANK7   BANK8   BANK9  BANK10  BANK11  BANK12
      Params:         0       0       0       0       0       0       0       0       0       0       0       0       0       0
      Locals:         0       0       0       0       0       0       0       0       0       0       0       0       0       0
      Temps:          0       0       0       0       0       0       0       0       0       0       0       0       0       0
      Totals:         0       0       0       0       0       0       0       0       0       0       0       0       0       0
Total ram usage:        0 bytes
 Hardware stack levels used:    1
 Hardware stack levels required when called:    4
 This function calls:
		Absolute function
		_SPI_Isr
		_interrupHandler
 This function is called by:
		_INTERRUPT_InterruptManager
		_SPI_Initialize
 This function uses a non-reentrant model


 *************** function _interrupHandler *****************
 Defined at:
		line 8 in file "enhaced_spi.c"
 Parameters:    Size  Location     Type
		None
 Auto vars:     Size  Location     Type
		None
 Return value:  Size  Location     Type
                  1    wreg      void 
 Registers used:
		wreg, fsr0l, fsr0h, fsr1l, fsr1h, status,2, status,0, pclath, cstack
 Tracked objects:
		On entry : 
		On exit  : 
		Unchanged: 
 Data sizes:     COMMON   BANK0   BANK1   BANK2   BANK3   BANK4   BANK5   BANK6   BANK7   BANK8   BANK9  BANK10  BANK11  BANK12
      Params:         0       0       0       0       0       0       0       0       0       0       0       0       0       0
      Locals:         0       0       0       0       0       0       0       0       0       0       0       0       0       0
      Temps:          0       0       0       0       0       0       0       0       0       0       0       0       0       0
      Totals:         0       0       0       0       0       0       0       0       0       0       0       0       0       0
Total ram usage:        0 bytes
 Hardware stack levels used:    1
 Hardware stack levels required when called:    3
 This function calls:
		Absolute function
		_dataReceived
 This function is called by:
		_espi_setInterrupHandler
		_SPI_Isr
 This function uses a non-reentrant model



MODULE INFORMATION

Module		Function		Class		Link	Load	Size
C:\Program Files\Microchip\xc8\v2.20\pic\sources\c99\common\memset.c
		_memset        		CODE           	06BF	0000	174

C:\Program Files\Microchip\xc8\v2.20\pic\sources\c99\common\memset.c estimated size: 174

enhaced_spi.c
		_espi_setInterrupHandler		CODE           	0894	0000	14
		_espi_op       		CODE           	17D7	0000	6
		_interrupHandler		CODE           	09E0	0000	23
		_espi_rst      		CODE           	0A22	0000	23
		_espi_wr1      		CODE           	17CB	0000	5
		_espi_wr2      		CODE           	17D3	0000	5
		_espi_int      		CODE           	08A1	0000	14
		_espi_rd       		CODE           	07FD	0000	4

enhaced_spi.c estimated size: 94

mcc_generated_files/tmr6.c
		_TMR6_Initialize		CODE           	0837	0000	11

mcc_generated_files/tmr6.c estimated size: 11

DCMotor.c
		_setSpeed      		CODE           	0C1A	0000	56
		_getHWSpeed    		CODE           	0E9C	0000	106
		_stop          		CODE           	080D	0000	8
		_tasks         		CODE           	0272	0000	310
		_NewDCMotor    		CODE           	0DF6	0000	82
		_setTimeBaseCounter		CODE           	17EE	0000	7
		_run           		CODE           	081C	0000	9
		_setDir        		CODE           	0D10	0000	72

DCMotor.c estimated size: 650

mcc_generated_files/tmr4.c
		_TMR4_ISR      		CODE           	17DC	0000	7
		_TMR4_Initialize		CODE           	0952	0000	20
		_TMR4_SetInterruptHandler		CODE           	17E8	0000	7
		_TMR4_DefaultInterruptHandler		CODE           	17CA	0000	2
		_TMR4_CallBack 		CODE           	087A	0000	14

mcc_generated_files/tmr4.c estimated size: 50

mcc_generated_files/tmr2.c
		_TMR2_Initialize		CODE           	0814	0000	9

mcc_generated_files/tmr2.c estimated size: 9

mcc_generated_files/interrupt_manager.c
		_INTERRUPT_InterruptManager		CODE           	0004	0000	48

mcc_generated_files/interrupt_manager.c estimated size: 48

mcc_generated_files/pin_manager.c
		_PIN_MANAGER_Initialize		CODE           	09F6	0000	23

mcc_generated_files/pin_manager.c estimated size: 23

C:\Program Files\Microchip\xc8\v2.20\pic\sources\c99\common\memcpy.c
		_memcpy        		CODE           	0B54	0000	45

C:\Program Files\Microchip\xc8\v2.20\pic\sources\c99\common\memcpy.c estimated size: 45

Comm.c
		_transferFrames		CODE           	091F	0000	17
		_commandHandler		CODE           	0608	0000	184
		_GetCommunicationInstance		CODE           	0002	0000	3
		_outputW       		CODE           	0B2A	0000	43
		_getRegister   		CODE           	0B80	0000	50
		_getSUM        		CODE           	0A6C	0000	28
		_inputR        		CODE           	0ADD	0000	38
		_setTimeBaseCounter@Comm$F2954		CODE           	17F4	0000	7
		_setRegistersTable		CODE           	0E47	0000	86
		_reset@Comm$F2985		CODE           	092F	0000	18
		_creatErrorFrame		CODE           	0940	0000	19
		_tasks@Comm$F2950		CODE           	03A7	0000	226

Comm.c estimated size: 719

mcc_generated_files/spi.c
		_SPI_Isr       		CODE           	0965	0000	21
		_SPI_Open      		CODE           	0D57	0000	80
		_SPI_Initialize		CODE           	0979	0000	21
		_SPI_SetInterruptHandler		CODE           	17E2	0000	7

mcc_generated_files/spi.c estimated size: 129

C:\Program Files\Microchip\xc8\v2.20\pic\sources\c99\common\Umul32.c
		___lmul        		CODE           	0BB1	0000	52

C:\Program Files\Microchip\xc8\v2.20\pic\sources\c99\common\Umul32.c estimated size: 52

shared
		__initialization		CODE           	0035	0000	118
		_spi_configuration		STRCODE        	1800	0000	5

shared estimated size: 123

app.c
		_setMotor1Clockwise		CODE           	08C8	0000	15
		_setMotor2Clockwise		CODE           	08D6	0000	15
		_motor2SetDir  		CODE           	0841	0000	12
		_appTasks      		CODE           	00AE	0000	453
		_stopMotors    		CODE           	0AA3	0000	30
		_wdt           		CODE           	09B6	0000	22
		_runMotors     		CODE           	0AC0	0000	30
		_dataReceived  		CODE           	0900	0000	16
		_motor1SetDir  		CODE           	084C	0000	12
		_setMotor1Counterclockwise		CODE           	08AE	0000	14
		_setMotor2Counterclockwise		CODE           	08BB	0000	14

app.c estimated size: 633

mcc_generated_files/mcc.c
		_WDT_Initialize		CODE           	17CF	0000	5
		_OSCILLATOR_Initialize		CODE           	086E	0000	13
		_SYSTEM_Initialize		CODE           	0A87	0000	29

mcc_generated_files/mcc.c estimated size: 47

mcc_generated_files/pwm3.c
		_PWM3_Initialize		CODE           	082D	0000	11
		_PWM3_LoadDutyValue		CODE           	0A38	0000	27

mcc_generated_files/pwm3.c estimated size: 38

TimeSystem.c
		_updateMillis  		CODE           	0862	0000	13
		_GetTimeSystemInstance		CODE           	0887	0000	14
		_tasks@TimeSystem$F1858		CODE           	08F2	0000	15

TimeSystem.c estimated size: 42

mcc_generated_files/epwm1.c
		_EPWM1_LoadDutyValue		CODE           	0A52	0000	27
		_EPWM1_Initialize		CODE           	090F	0000	17

mcc_generated_files/epwm1.c estimated size: 44

C:\Program Files\Microchip\xc8\v2.20\pic\sources\c99\common\lwdiv.c
		___lwdiv       		CODE           	0C51	0000	61

C:\Program Files\Microchip\xc8\v2.20\pic\sources\c99\common\lwdiv.c estimated size: 61

main.c
		_main          		CODE           	0857	0000	12

main.c estimated size: 12

C:\Program Files\Microchip\xc8\v2.20\pic\sources\c99\common\aldiv.c
		___aldiv       		CODE           	0F70	0000	145

C:\Program Files\Microchip\xc8\v2.20\pic\sources\c99\common\aldiv.c estimated size: 145

SpiCommunication.c
		_rxDone        		CODE           	098D	0000	21
		___run         		CODE           	0800	0000	2
		_txDone        		CODE           	08E4	0000	15
		_reset         		CODE           	0CCA	0000	71
		_read          		CODE           	0DA6	0000	81
		_setTimeBaseCounter@SpiCommunication$F2153		CODE           	17FA	0000	7
		_exchangeDone  		CODE           	0488	0000	196
		_open          		CODE           	0A0C	0000	23
		_tasks@SpiCommunication$F2138		CODE           	054B	0000	190
		_NewSpiDriver  		CODE           	076C	0000	146
		_write         		CODE           	0F05	0000	108
		_healthy       		CODE           	0C8D	0000	62

SpiCommunication.c estimated size: 922

C:\Program Files\Microchip\xc8\v2.20\pic\sources\c99\common\Umul8.c
		___bmul        		CODE           	09A1	0000	22

C:\Program Files\Microchip\xc8\v2.20\pic\sources\c99\common\Umul8.c estimated size: 22

